PS D:\MI-WEB-DE> git add INFORMATICA/
PS D:\MI-WEB-DE> git status
On branch main
Your branch is ahead of 'origin/main' by 1 commit.
  (use "git push" to publish your local commits)

Changes not staged for commit:
  (use "git add <file>..." to update what will be committed)
  (use "git restore <file>..." to discard changes in working directory)
  (commit or discard the untracked or modified content in submodules)
        modified:   CUENTOS-INFANTILES (modified content)
        modified:   INFORMATICA (modified content, untracked content)
        modified:   MULTIMEDIA (modified content)

no changes added to commit (use "git add" and/or "git commit -a")
PS D:\MI-WEB-DE>

